Flutter crash report.
Please report a bug at https://github.com/flutter/flutter/issues.

## command

flutter pub get --no-example

## exception

PathExistsException: PathExistsException: Cannot create link, path = 'C:\laragon\www\Pediagrow\windows\flutter\ephemeral\.plugin_symlinks\image_picker_windows' (OS Error: Cannot create a file when that file already exists, errno = 183)

```
#0      _Link.throwIfError (dart:io/link.dart:358:7)
#1      _Link.createSync (dart:io/link.dart:276:5)
#2      ForwardingLink.createSync (package:file/src/forwarding/forwarding_link.dart:20:16)
#3      ErrorHandlingLink.createSync.<anonymous closure> (package:flutter_tools/src/base/error_handling_io.dart:893:22)
#4      _runSync (package:flutter_tools/src/base/error_handling_io.dart:1118:16)
#5      ErrorHandlingLink.createSync (package:flutter_tools/src/base/error_handling_io.dart:892:5)
#6      _createPlatformPluginSymlinks (package:flutter_tools/src/flutter_plugins.dart:1276:12)
#7      createPluginSymlinks (package:flutter_tools/src/flutter_plugins.dart:1193:5)
#8      refreshPluginsList (package:flutter_tools/src/flutter_plugins.dart:1333:5)
<asynchronous suspension>
#9      FlutterProject.ensureReadyForPlatformSpecificTooling (package:flutter_tools/src/project.dart:445:5)
<asynchronous suspension>
#10     PackagesGetCommand.runCommand.<anonymous closure> (package:flutter_tools/src/commands/packages.dart:409:11)
<asynchronous suspension>
#11     Pool.forEach.run (package:pool/pool.dart:183:19)
<asynchronous suspension>
#12     Pool.withResource (package:pool/pool.dart:127:14)
<asynchronous suspension>
#13     Future.wait.<anonymous closure> (dart:async/future.dart:567:21)
<asynchronous suspension>
#14     Pool.forEach.onListen.<anonymous closure> (package:pool/pool.dart:203:23)
<asynchronous suspension>
#15     _StreamController.close (dart:async/stream_controller.dart:640:3)
<asynchronous suspension>
#16     _nullDataHandler (dart:async/stream_impl.dart:549:1)
<asynchronous suspension>
```

## flutter doctor

```
[!] Flutter (Channel stable, 3.47.2, on Microsoft Windows [Version 10.0.26200.9457], locale id-ID) [472ms]
    • Flutter version 3.47.2 on channel stable at C:\src\flutter
    ! The flutter binary is not on your path. Consider adding C:\src\flutter\bin to your path.
    ! The dart binary is not on your path. Consider adding C:\src\flutter\bin to your path.
    • Upstream repository https://github.com/flutter/flutter.git
    • Framework revision d3b14c8769 (4 weeks ago), 2026-08-26 16:07:51 -0700
    • Engine revision a804b26164
    • Dart version 3.13.2
    • DevTools version 2.60.0
    • Feature flags: enable-web, enable-linux-desktop, enable-macos-desktop, enable-windows-desktop, enable-android, enable-ios, cli-animations, enable-native-assets, enable-record-use, enable-swift-package-manager, omit-legacy-version-file, enable-lldb-debugging, enable-uiscene-migration
    • If those were intentional, you can disregard the above warnings; however it is recommended to use "git" directly to perform update checks and upgrades.

[✓] Windows Version (Windows 11 or higher, 25H2, 2009) [3,5s]

[✓] Android toolchain - develop for Android devices (Android SDK version 37.0.0) [6,9s]
    • Android SDK at C:\Users\anita\AppData\Local\Android\sdk
    • Emulator version 37.1.11.0 (build_id 15917651) (CL:N/A)
    • Platform android-37.0, build-tools 37.0.0
    • Java binary at: C:\Program Files\Android\Android Studio\jbr\bin\java
      This is the JDK bundled with the latest Android Studio installation on this machine.
      To manually set the JDK path, use: `flutter config --jdk-dir="path/to/jdk"`.
    • Java version OpenJDK Runtime Environment (build 25.0.2+-15348964-b329.117)
    • All Android licenses accepted.

[✓] Chrome - develop for the web [46ms]
    • Chrome at C:\Program Files\Google\Chrome\Application\chrome.exe

[✗] Visual Studio - develop Windows apps [42ms]
    ✗ Visual Studio not installed; this is necessary to develop Windows apps.
      Download at https://visualstudio.microsoft.com/downloads/.
      Please install the "Desktop development with C++" workload, including all of its default components

[✓] Connected device (4 available) [1.226ms]
    • CPH2333 (mobile)  • d3057cf9 • android-arm64  • Android 13 (API 33)
    • Windows (desktop) • windows  • windows-x64    • Microsoft Windows [Version 10.0.26200.9457]
    • Chrome (web)      • chrome   • web-javascript • Google Chrome 153.0.8010.48
    • Edge (web)        • edge     • web-javascript • Microsoft Edge 153.0.4234.48

[✓] Network resources [1.038ms]
    • All expected network resources are available.

! Doctor found issues in 2 categories.
```
